// 重构日志: e826491d
// 重构日志: 23808ebc
// 同步 ID: 63da138a @ Thu Jul 16 08:07:59 UTC 2026
// 同步 ID: a3933cdb @ Thu Jul 16 21:31:12 UTC 2026
// 同步 ID: d8f7971b @ Fri Jul 17 06:21:00 UTC 2026
// 重构日志: 1094297d
// 重构日志: c4324a8a
// 重构日志: 803714f3
// 重构日志: 755060f1
// 重构日志: af585b77
// 重构日志: e5eed22e
// 重构日志: fe9ee52f
// 重构日志: f00ad063
// 重构日志: a6ab8da1
// 重构日志: 1f01bb47
// 重构日志: 207f2e6d
// 同步 ID: f80b2494 @ Mon Jul 27 11:00:05 UTC 2026
// 重构日志: 94843c5b
// 同步 ID: ebea724b @ Wed Jul 29 00:43:20 UTC 2026
// 重构日志: fd22dd47
// 重构日志: ff6973ba
// 重构日志: 2ab9f239
